../UserCode/control.cpp:62:2:KalmanFilter::KalmanFilter(float, float, float, float)	32	static
../UserCode/control.cpp:83:10:uint32_t calcularCRC32(const uint8_t*, size_t)	32	static
../UserCode/control.cpp:106:6:void iniciar_filtro1()	4	static
../UserCode/control.cpp:113:6:void trasmitir_datos()	24	static
../UserCode/control.cpp:124:6:void control_break_tim_8()	8	static
../UserCode/control.cpp:132:6:void loop_break_control()	8	static
../UserCode/control.cpp:144:6:void control_loop()	8	static
../UserCode/control.cpp:160:1:void __static_initialization_and_destruction_0()	8	static
../UserCode/control.cpp:160:1:cpp)	8	static
