../Core/Src/main.c:90:5:main	1
../Core/Src/main.c:147:6:SystemClock_Config	3
../Core/Src/main.c:193:13:MX_ADC1_Init	6
../Core/Src/main.c:281:13:MX_COMP1_Init	2
../Core/Src/main.c:313:13:MX_CORDIC_Init	2
../Core/Src/main.c:339:13:MX_CRC_Init	2
../Core/Src/main.c:370:13:MX_DAC1_Init	3
../Core/Src/main.c:417:13:MX_TIM6_Init	3
../Core/Src/main.c:455:13:MX_TIM7_Init	3
../Core/Src/main.c:493:13:MX_TIM8_Init	8
../Core/Src/main.c:583:13:MX_USART1_UART_Init	5
../Core/Src/main.c:629:13:MX_DMA_Init	1
../Core/Src/main.c:643:13:MX_GPIO_Init	1
../Core/Src/main.c:683:6:HAL_TIM_PeriodElapsedCallback	2
../Core/Src/main.c:701:6:Error_Handler	1
