../Core/Src/main.c:91:5:main	1
../Core/Src/main.c:148:6:SystemClock_Config	3
../Core/Src/main.c:194:13:MX_ADC1_Init	5
../Core/Src/main.c:271:13:MX_COMP1_Init	2
../Core/Src/main.c:303:13:MX_CORDIC_Init	2
../Core/Src/main.c:329:13:MX_CRC_Init	2
../Core/Src/main.c:360:13:MX_DAC1_Init	3
../Core/Src/main.c:407:13:MX_TIM6_Init	3
../Core/Src/main.c:445:13:MX_TIM7_Init	3
../Core/Src/main.c:483:13:MX_TIM8_Init	8
../Core/Src/main.c:573:13:MX_USART1_UART_Init	5
../Core/Src/main.c:619:13:MX_DMA_Init	1
../Core/Src/main.c:633:13:MX_GPIO_Init	1
../Core/Src/main.c:673:6:HAL_TIM_PeriodElapsedCallback	2
../Core/Src/main.c:691:6:Error_Handler	1
