C:\ST\STM32CubeIDE_1.19.0\STM32CubeIDE\plugins\com.st.stm32cube.ide.mcu.externaltools.gnu-tools-for-stm32.13.3.rel1.win32_1.0.0.202411081344\tools\arm-none-eabi\include\c++\13.3.1\arm-none-eabi\thumb\v7e-m+fp\hard\bits\gthr-default.h:229:1:int __gthread_key_delete(__gthread_key_t)	16	static
C:\ST\STM32CubeIDE_1.19.0\STM32CubeIDE\plugins\com.st.stm32cube.ide.mcu.externaltools.gnu-tools-for-stm32.13.3.rel1.win32_1.0.0.202411081344\tools\bin/../lib/gcc/arm-none-eabi/13.3.1/../../../../arm-none-eabi/include/c++/13.3.1/bits/std_abs.h:71:3:constexpr double std::abs(double)	16	static
C:\ST\STM32CubeIDE_1.19.0\STM32CubeIDE\plugins\com.st.stm32cube.ide.mcu.externaltools.gnu-tools-for-stm32.13.3.rel1.win32_1.0.0.202411081344\tools\bin/../lib/gcc/arm-none-eabi/13.3.1/../../../../arm-none-eabi/include/c++/13.3.1/bits/std_abs.h:75:3:constexpr float std::abs(float)	16	static
../Core/Code/Direccion/Direccion.h:39:10:void KalmanFilter::update(float)	16	static
../Core/Code/Direccion/Direccion.h:56:11:float KalmanFilter::getState() const	16	static
../Core/Code/Direccion/Direccion.h:71:11:float KalmanFilter::lpf1_update(LPF1&, float)	24	static
../Core/Code/Direccion/Direccion.h:77:10:void KalmanFilter::lpf1_init(LPF1&, float, float)	32	static
../Core/Code/Direccion/Direccion.h:86:5:KalmanFilter::KalmanFilter(float, float, float, float)	32	static
../Core/Code/Direccion/Direccion.cpp:29:6:void InterrupcionFiltro()	8	static
../Core/Code/Direccion/Direccion.cpp:35:6:void GiraDerecha(float)	16	static
../Core/Code/Direccion/Direccion.cpp:40:6:void GiraIquierda(float)	16	static
../Core/Code/Direccion/Direccion.cpp:46:6:void Direccion()	16	static
../Core/Code/Direccion/Direccion.cpp:79:6:void update_Aceleracion(float)	24	static
../Core/Code/Direccion/Direccion.cpp:100:6:void Control()	88	static
../Core/Code/Direccion/Direccion.cpp:134:6:void InterrupcionADC()	8	static
../Core/Code/Direccion/Direccion.cpp:138:1:void __static_initialization_and_destruction_0()	8	static
../Core/Code/Direccion/Direccion.cpp:138:1:cpp)	8	static
