C:\ST\STM32CubeIDE_1.19.0\STM32CubeIDE\plugins\com.st.stm32cube.ide.mcu.externaltools.gnu-tools-for-stm32.13.3.rel1.win32_1.0.0.202411081344\tools\arm-none-eabi\include\c++\13.3.1\arm-none-eabi\thumb\v7e-m+fp\hard\bits\gthr-default.h:229:1:int __gthread_key_delete(__gthread_key_t)	16	static
../Core/Code/Direccion/Direccion.h:39:10:void KalmanFilter::update(float)	16	static
../Core/Code/Direccion/Direccion.h:56:11:float KalmanFilter::getState() const	16	static
../Core/Code/Direccion/Direccion.h:71:11:float KalmanFilter::lpf1_update(LPF1&, float)	24	static
../Core/Code/Direccion/Direccion.h:77:10:void KalmanFilter::lpf1_init(LPF1&, float, float)	32	static
../Core/Code/Direccion/Direccion.h:86:5:KalmanFilter::KalmanFilter(float, float, float, float)	32	static
../Core/Code/Direccion/Direccion.cpp:28:6:void InterrupcionFiltro()	8	static
../Core/Code/Direccion/Direccion.cpp:34:6:void GiraDerecha(float)	16	static
../Core/Code/Direccion/Direccion.cpp:39:6:void GiraIquierda(float)	16	static
../Core/Code/Direccion/Direccion.cpp:45:6:void Direccion()	16	static
../Core/Code/Direccion/Direccion.cpp:78:6:void update_Aceleracion(float)	24	static
../Core/Code/Direccion/Direccion.cpp:99:6:void Control()	8	static
../Core/Code/Direccion/Direccion.cpp:133:6:void InterrupcionADC()	8	static
../Core/Code/Direccion/Direccion.cpp:137:1:void __static_initialization_and_destruction_0()	8	static
../Core/Code/Direccion/Direccion.cpp:137:1:cpp)	8	static
